<?xml version="1.0" encoding="US-ASCII"?>
<html>
<head>
<meta http-equiv="content-type" content="text/html; charset=UTF-8"/>

<meta name="Generator" content="Vim/7.4"/>
<meta name="plugin-version" content="vim7.4_v1"/>
<meta name="syntax" content="haskell"/>
<meta name="settings" content="no_progress,use_css,pre_wrap,no_foldcolumn,prevent_copy="/>
<meta name="colorscheme" content="none"/>
<style type="text/css">

</style>

<script type="text/javascript">

</script>
</head>
<body>
<pre id="vimCodeElement">
  bar x b
  where <span class="hsNestedName">bar</span> <span class="hsNestedArg">x</span> = zap
        <span class="hsNestedName">foo</span> <span class="hsNestedArg">a</span> <span class="hsNestedArg">c</span> <span class="hsNestedArg">d</span> = quux
</pre>
</body>
</html>
