<!DOCTYPE HTML PUBLIC "-//W3C//DTD HTML 4.01//EN" "http://www.w3.org/TR/html4/strict.dtd">
<html>
<head>
<meta http-equiv="content-type" content="text/html; charset=UTF-8">
<title>~/LoByMyHand/vim-syntax/test/multiline-module1.hs.html</title>
<meta name="Generator" content="Vim/7.4">
<meta name="plugin-version" content="vim7.4_v1">
<meta name="syntax" content="none">
<meta name="settings" content="no_progress,use_css,pre_wrap,no_foldcolumn,prevent_copy=">
<meta name="colorscheme" content="none">
<style type="text/css">
<!--
pre { white-space: pre-wrap; font-family: monospace; color: #000000; background-color: #ffffff; }
body { font-family: monospace; color: #000000; background-color: #ffffff; }
* { font-size: 1em; }
-->
</style>

<script type='text/javascript'>
<!--

-->
</script>
</head>
<body>
<pre id='vimCodeElement'>
module
    M where
</pre>
</body>
</html>
<!-- vim: set foldmethod=manual : -->
